{
  "id": "eaf3292c-64b6-4c04-ad4f-4ca2608b42b4",
  "params": {
    "symbol": "BTCUSDT",
    "side": "BUY",
    "type": "LIMIT",
    "apiKey": "apiKey",
    "timestamp": "1736393892000",
    "signature": "NY2J8Gl6ma79oNKejRwyRmuKvymgH5ybfEZ3fqC+wGnnfrIPNKY5iDB+btYVmBZq88HDZFMNHhjbxC+J7o3DBA=="
  },
  "method": "order.place"
}
