{
  "id": "eaf3292c-64b6-4c04-ad4f-4ca2608b42b4",
  "params": {
    "symbol": "BTCUSDT",
    "side": "BUY",
    "type": "LIMIT",
    "quantity": "0",
    "apiKey": "apiKey",
    "timestamp": "1736393892000",
    "signature": "B0jL2/g4n2IwvNqT4MyGBe1OShUFiWCnQM3HAsRR1ByWYQfmX2GoWIj30l9LW3XC178spy7hK7dLu3Mg+NA6Dg=="
  },
  "method": "sor.order.place"
}
