{
  "id": "eaf3292c-64b6-4c04-ad4f-4ca2608b42b4",
  "params": [
    "ETH@ticker@220930"
  ],
  "method": "SUBSCRIBE"
}
